The following values were not passed to `accelerate launch` and had defaults used instead:
	`--dynamo_backend` was set to a value of `'no'`
To avoid this warning pass in values for each of the problematic parameters or run `accelerate config`.
Dataset length: 1780
Label column name: target
shape: (2, 2)
┌────────┬───────┐
│ target ┆ count │
│ ---    ┆ ---   │
│ i64    ┆ u32   │
╞════════╪═══════╡
│ 0      ┆ 890   │
│ 1      ┆ 890   │
└────────┴───────┘
Dataset length: 22
Label column name: target
shape: (2, 2)
┌────────┬───────┐
│ target ┆ count │
│ ---    ┆ ---   │
│ i64    ┆ u32   │
╞════════╪═══════╡
│ 0      ┆ 11    │
│ 1      ┆ 11    │
└────────┴───────┘
Dataset length: 22
Label column name: target
shape: (2, 2)
┌────────┬───────┐
│ target ┆ count │
│ ---    ┆ ---   │
│ i64    ┆ u32   │
╞════════╪═══════╡
│ 0      ┆ 11    │
│ 1      ┆ 11    │
└────────┴───────┘
Parameter count: 275840268
[mem] before load_state: allocated=2.22GB reserved=2.24GB
[mem] after load_state: allocated=4.43GB reserved=4.45GB max_allocated=4.43GB
[mem] after empty_cache: allocated=4.43GB reserved=4.45GB
Checkpoint loaded from /checkpoints/final-models/drusen-unet/finetune-epoch-300. Resuming from epoch 301. Best metric {'value': 0.95652174949646, 'save_flag': False}
Evaluating:   0%|          | 0/2 [00:00<?, ?it/s]Evaluating:  50%|█████     | 1/2 [00:00<00:00,  2.41it/s]Evaluating: 100%|██████████| 2/2 [00:41<00:00, 24.47s/it]Evaluating: 100%|██████████| 2/2 [00:58<00:00, 29.28s/it]
Clipping input data to the valid range for imshow with RGB data ([0..1] for floats or [0..255] for integers). Got range [0.17051184..1.0024993].
Clipping input data to the valid range for imshow with RGB data ([0..1] for floats or [0..255] for integers). Got range [0.086466044..1.0025461].
Dataset length: 1780
Label column name: target
shape: (2, 2)
┌────────┬───────┐
│ target ┆ count │
│ ---    ┆ ---   │
│ i64    ┆ u32   │
╞════════╪═══════╡
│ 0      ┆ 890   │
│ 1      ┆ 890   │
└────────┴───────┘
Dataset length: 22
Label column name: target
shape: (2, 2)
┌────────┬───────┐
│ target ┆ count │
│ ---    ┆ ---   │
│ i64    ┆ u32   │
╞════════╪═══════╡
│ 0      ┆ 11    │
│ 1      ┆ 11    │
└────────┴───────┘
Dataset length: 22
Label column name: target
shape: (2, 2)
┌────────┬───────┐
│ target ┆ count │
│ ---    ┆ ---   │
│ i64    ┆ u32   │
╞════════╪═══════╡
│ 0      ┆ 11    │
│ 1      ┆ 11    │
└────────┴───────┘
Parameter count: 275840268
[mem] before load_state: allocated=6.66GB reserved=7.53GB
[mem] after load_state: allocated=4.44GB reserved=7.53GB max_allocated=6.66GB
[mem] after empty_cache: allocated=4.44GB reserved=4.52GB
Checkpoint loaded from /checkpoints/final-models/drusen-unet/finetune-epoch-300. Resuming from epoch 301. Best metric {'value': 0.95652174949646, 'save_flag': False}
Evaluating:   0%|          | 0/2 [00:00<?, ?it/s]Evaluating:  50%|█████     | 1/2 [00:00<00:00,  2.60it/s]Evaluating: 100%|██████████| 2/2 [00:40<00:00, 23.85s/it]Evaluating: 100%|██████████| 2/2 [00:57<00:00, 28.68s/it]
Clipping input data to the valid range for imshow with RGB data ([0..1] for floats or [0..255] for integers). Got range [-0.0030058026..0.83203113].
Clipping input data to the valid range for imshow with RGB data ([0..1] for floats or [0..255] for integers). Got range [-0.02889812..1.0028598].
Clipping input data to the valid range for imshow with RGB data ([0..1] for floats or [0..255] for integers). Got range [-0.004796028..0.7897011].
Clipping input data to the valid range for imshow with RGB data ([0..1] for floats or [0..255] for integers). Got range [-0.018372774..0.91814756].
Clipping input data to the valid range for imshow with RGB data ([0..1] for floats or [0..255] for integers). Got range [-0.0029372573..0.55525047].
