The following values were not passed to `accelerate launch` and had defaults used instead:
	`--dynamo_backend` was set to a value of `'no'`
To avoid this warning pass in values for each of the problematic parameters or run `accelerate config`.
Dataset length: 4357
Label column name: target
shape: (1, 2)
┌────────┬───────┐
│ target ┆ count │
│ ---    ┆ ---   │
│ i64    ┆ u32   │
╞════════╪═══════╡
│ 0      ┆ 4357  │
└────────┴───────┘
Dataset length: 242
Label column name: target
shape: (1, 2)
┌────────┬───────┐
│ target ┆ count │
│ ---    ┆ ---   │
│ i64    ┆ u32   │
╞════════╪═══════╡
│ 0      ┆ 242   │
└────────┴───────┘
Dataset length: 242
Label column name: target
shape: (1, 2)
┌────────┬───────┐
│ target ┆ count │
│ ---    ┆ ---   │
│ i64    ┆ u32   │
╞════════╪═══════╡
│ 0      ┆ 242   │
└────────┴───────┘
Parameter count: 275840268
Checkpoint loaded from /workspace/experiments/fundus-unet/checkpoints. Resuming from epoch 76. Best metric {'value': None, 'save_flag': False}
{'config': {'resume': 1, 'pretrained_checkpoint': '/checkpoints/final-models/drusen-unet/pretrain-epoch-75', 'checkpoint_folder': '/checkpoints/final-models/drusen-unet/pretrain-epoch-75', 'project_root': '/workspace', 'experiment_dir': '/experiments/fundus-unet', 'data_path': '/data', 'image_size': 256, 'wavelet_transform': True, 'split_prefix': 'pretrain', 'image_channels': 3, 'batch_size': 64, 'num_epochs': 500, 'gradient_accumulation_steps': 2, 'learning_rate': 0.0001, 'lr_warmup_steps': 100, 'save_image_epochs': 25, 'evaluation_batches': 80, 'ema_beta': 0.999, 'ema_warmup': 50, 'ema_update_freq': 5, 'pred_param': 'v', 'schedule': 'shifted_cosine', 'noise_d': 64, 'mixed_precision': 'fp16', 'num_workers': 6, 'classes': 2, 'encoder_type': 'nn', 'cfg_w': 4.5, 'sampling_steps': 50, 'seed': 42, 'use_comet': 0, 'comet_project_name': 'diffusion-classifier', 'comet_workspace': '', 'comet_experiment_name': '', 'comet_api_key': '', 'classification': True, 'n_stages': 1, 'evaluation_per_stage': [51], 'n_keep_per_stage': [1], 'majority_voting': True, 'flash_attention': False, 'from_t': 0.5}, 'project_root': '/workspace', 'experiment_dir': '/experiments/fundus-unet', 'experiment_path': '/workspace/experiments/fundus-unet'}
  Epoch 76 step 1/69 (27.6s elapsed) | loss: 0.002054
  Epoch 76 step 11/69 (168.1s elapsed) | loss: 0.000715
  Epoch 76 step 21/69 (308.3s elapsed) | loss: 0.000737
  Epoch 76 step 31/69 (448.4s elapsed) | loss: 0.000711
  Epoch 76 step 41/69 (588.6s elapsed) | loss: 0.000588
  Epoch 76 step 51/69 (728.7s elapsed) | loss: 0.000609
  Epoch 76 step 61/69 (868.9s elapsed) | loss: 0.000837
  Epoch 76 step 69/69 (966.6s elapsed) | loss: 0.000508
Epoch 76/500: 966.60 s. | train_loss: 0.000974
  Epoch 77 step 1/69 (15.7s elapsed) | loss: 0.001715
  Epoch 77 step 11/69 (162.7s elapsed) | loss: 0.000511
  Epoch 77 step 21/69 (303.1s elapsed) | loss: 0.000829
  Epoch 77 step 31/69 (444.0s elapsed) | loss: 0.000410
  Epoch 77 step 41/69 (584.4s elapsed) | loss: 0.000624
  Epoch 77 step 51/69 (725.3s elapsed) | loss: 0.000548
  Epoch 77 step 61/69 (865.7s elapsed) | loss: 0.000715
  Epoch 77 step 69/69 (963.9s elapsed) | loss: 0.000097
Epoch 77/500: 963.91 s. | train_loss: 0.000658
  Epoch 78 step 1/69 (15.9s elapsed) | loss: 0.000760
  Epoch 78 step 11/69 (156.5s elapsed) | loss: 0.000798
  Epoch 78 step 21/69 (297.3s elapsed) | loss: 0.000627
  Epoch 78 step 31/69 (437.8s elapsed) | loss: 0.000468
  Epoch 78 step 41/69 (578.8s elapsed) | loss: 0.000560
  Epoch 78 step 51/69 (719.2s elapsed) | loss: 0.000602
  Epoch 78 step 61/69 (860.1s elapsed) | loss: 0.000724
  Epoch 78 step 69/69 (957.9s elapsed) | loss: 0.000368
Epoch 78/500: 957.93 s. | train_loss: 0.000677
  Epoch 79 step 1/69 (15.9s elapsed) | loss: 0.000669
  Epoch 79 step 11/69 (156.3s elapsed) | loss: 0.000513
  Epoch 79 step 21/69 (297.2s elapsed) | loss: 0.000529
  Epoch 79 step 31/69 (437.6s elapsed) | loss: 0.000957
  Epoch 79 step 41/69 (578.5s elapsed) | loss: 0.000667
  Epoch 79 step 51/69 (719.3s elapsed) | loss: 0.000490
  Epoch 79 step 61/69 (859.7s elapsed) | loss: 0.001364
  Epoch 79 step 69/69 (957.9s elapsed) | loss: 0.001521
Epoch 79/500: 957.88 s. | train_loss: 0.000665
  Epoch 80 step 1/69 (15.9s elapsed) | loss: 0.000374
  Epoch 80 step 11/69 (156.6s elapsed) | loss: 0.000448
  Epoch 80 step 21/69 (297.5s elapsed) | loss: 0.001534
  Epoch 80 step 31/69 (437.9s elapsed) | loss: 0.000683
  Epoch 80 step 41/69 (578.9s elapsed) | loss: 0.000507
  Epoch 80 step 51/69 (719.4s elapsed) | loss: 0.000402
  Epoch 80 step 61/69 (860.2s elapsed) | loss: 0.000447
  Epoch 80 step 69/69 (958.0s elapsed) | loss: 0.000677
Epoch 80/500: 958.01 s. | train_loss: 0.000599
  Epoch 81 step 1/69 (15.9s elapsed) | loss: 0.000312
  Epoch 81 step 11/69 (156.4s elapsed) | loss: 0.000761
  Epoch 81 step 21/69 (297.4s elapsed) | loss: 0.000939
  Epoch 81 step 31/69 (437.9s elapsed) | loss: 0.000491
  Epoch 81 step 41/69 (578.7s elapsed) | loss: 0.000595
  Epoch 81 step 51/69 (719.1s elapsed) | loss: 0.000465
  Epoch 81 step 61/69 (860.3s elapsed) | loss: 0.000485
  Epoch 81 step 69/69 (958.1s elapsed) | loss: 0.001120
Epoch 81/500: 958.08 s. | train_loss: 0.000659
  Epoch 82 step 1/69 (15.9s elapsed) | loss: 0.000529
  Epoch 82 step 11/69 (156.4s elapsed) | loss: 0.000537
  Epoch 82 step 21/69 (297.2s elapsed) | loss: 0.000426
  Epoch 82 step 31/69 (437.6s elapsed) | loss: 0.000596
  Epoch 82 step 41/69 (578.5s elapsed) | loss: 0.000954
  Epoch 82 step 51/69 (719.0s elapsed) | loss: 0.000929
  Epoch 82 step 61/69 (859.8s elapsed) | loss: 0.001013
  Epoch 82 step 69/69 (957.6s elapsed) | loss: 0.000211
Epoch 82/500: 957.62 s. | train_loss: 0.000614
  Epoch 83 step 1/69 (15.9s elapsed) | loss: 0.000846
  Epoch 83 step 11/69 (156.4s elapsed) | loss: 0.000394
  Epoch 83 step 21/69 (297.2s elapsed) | loss: 0.000588
  Epoch 83 step 31/69 (437.6s elapsed) | loss: 0.000656
  Epoch 83 step 41/69 (578.5s elapsed) | loss: 0.000491
  Epoch 83 step 51/69 (719.0s elapsed) | loss: 0.000548
  Epoch 83 step 61/69 (859.8s elapsed) | loss: 0.000460
  Epoch 83 step 69/69 (957.6s elapsed) | loss: 0.003056
Epoch 83/500: 957.62 s. | train_loss: 0.000643
  Epoch 84 step 1/69 (15.9s elapsed) | loss: 0.000872
  Epoch 84 step 11/69 (156.4s elapsed) | loss: 0.000641
  Epoch 84 step 21/69 (297.2s elapsed) | loss: 0.001364
  Epoch 84 step 31/69 (437.7s elapsed) | loss: 0.001522
  Epoch 84 step 41/69 (578.5s elapsed) | loss: 0.001192
  Epoch 84 step 51/69 (718.9s elapsed) | loss: 0.000643
  Epoch 84 step 61/69 (859.8s elapsed) | loss: 0.002550
  Epoch 84 step 69/69 (957.6s elapsed) | loss: 0.000402
Epoch 84/500: 957.57 s. | train_loss: 0.001215
  Epoch 85 step 1/69 (15.9s elapsed) | loss: 0.000498
  Epoch 85 step 11/69 (156.4s elapsed) | loss: 0.000509
  Epoch 85 step 21/69 (297.4s elapsed) | loss: 0.000862
  Epoch 85 step 31/69 (437.8s elapsed) | loss: 0.000685
  Epoch 85 step 41/69 (578.7s elapsed) | loss: 0.000437
  Epoch 85 step 51/69 (719.1s elapsed) | loss: 0.000564
  Epoch 85 step 61/69 (860.0s elapsed) | loss: 0.000739
  Epoch 85 step 69/69 (957.9s elapsed) | loss: 0.000512
Epoch 85/500: 957.87 s. | train_loss: 0.000664
  Epoch 86 step 1/69 (16.0s elapsed) | loss: 0.000502
  Epoch 86 step 11/69 (156.5s elapsed) | loss: 0.000562
  Epoch 86 step 21/69 (297.3s elapsed) | loss: 0.000771
  Epoch 86 step 31/69 (437.8s elapsed) | loss: 0.000479
  Epoch 86 step 41/69 (578.7s elapsed) | loss: 0.000618
  Epoch 86 step 51/69 (719.1s elapsed) | loss: 0.000484
  Epoch 86 step 61/69 (860.0s elapsed) | loss: 0.000677
  Epoch 86 step 69/69 (957.8s elapsed) | loss: 0.000264
Epoch 86/500: 957.76 s. | train_loss: 0.000595
  Epoch 87 step 1/69 (15.9s elapsed) | loss: 0.000354
  Epoch 87 step 11/69 (156.4s elapsed) | loss: 0.000341
  Epoch 87 step 21/69 (297.2s elapsed) | loss: 0.000525
  Epoch 87 step 31/69 (437.6s elapsed) | loss: 0.000471
  Epoch 87 step 41/69 (578.6s elapsed) | loss: 0.001523
  Epoch 87 step 51/69 (719.1s elapsed) | loss: 0.000678
  Epoch 87 step 61/69 (860.0s elapsed) | loss: 0.000273
  Epoch 87 step 69/69 (957.8s elapsed) | loss: 0.000630
Epoch 87/500: 957.83 s. | train_loss: 0.000570
  Epoch 88 step 1/69 (15.9s elapsed) | loss: 0.000400
  Epoch 88 step 11/69 (156.4s elapsed) | loss: 0.000692
  Epoch 88 step 21/69 (297.2s elapsed) | loss: 0.000398
  Epoch 88 step 31/69 (437.7s elapsed) | loss: 0.000660
  Epoch 88 step 41/69 (578.5s elapsed) | loss: 0.000544
  Epoch 88 step 51/69 (718.9s elapsed) | loss: 0.000312
  Epoch 88 step 61/69 (859.9s elapsed) | loss: 0.000743
  Epoch 88 step 69/69 (957.8s elapsed) | loss: 0.000116
Epoch 88/500: 957.77 s. | train_loss: 0.000638
  Epoch 89 step 1/69 (15.9s elapsed) | loss: 0.000477
  Epoch 89 step 11/69 (156.4s elapsed) | loss: 0.000626
  Epoch 89 step 21/69 (297.3s elapsed) | loss: 0.000748
  Epoch 89 step 31/69 (437.7s elapsed) | loss: 0.000579
  Epoch 89 step 41/69 (607.7s elapsed) | loss: 0.000574
  Epoch 89 step 51/69 (772.2s elapsed) | loss: 0.000603
  Epoch 89 step 61/69 (923.3s elapsed) | loss: 0.000595
  Epoch 89 step 69/69 (1026.1s elapsed) | loss: 0.000450
Epoch 89/500: 1026.06 s. | train_loss: 0.000639
  Epoch 90 step 1/69 (16.6s elapsed) | loss: 0.001822
  Epoch 90 step 11/69 (170.1s elapsed) | loss: 0.000620
  Epoch 90 step 21/69 (326.1s elapsed) | loss: 0.000273
  Epoch 90 step 31/69 (482.4s elapsed) | loss: 0.000422
Traceback (most recent call last):
  File "/workspace/experiments/fundus-unet/train.py", line 196, in <module>
    main()
  File "/workspace/experiments/fundus-unet/train.py", line 185, in main
    diffusion_classifier.train_loop(
  File "/workspace/diffusion/diffusion_classifier.py", line 464, in train_loop
    optimizer.step()
  File "/opt/conda/lib/python3.11/site-packages/accelerate/optimizer.py", line 165, in step
    self.scaler.step(self.optimizer, closure)
  File "/opt/conda/lib/python3.11/site-packages/torch/amp/grad_scaler.py", line 457, in step
    retval = self._maybe_opt_step(optimizer, optimizer_state, *args, **kwargs)
             ^^^^^^^^^^^^^^^^^^^^^^^^^^^^^^^^^^^^^^^^^^^^^^^^^^^^^^^^^^^^^^^^^
  File "/opt/conda/lib/python3.11/site-packages/torch/amp/grad_scaler.py", line 351, in _maybe_opt_step
    if not sum(v.item() for v in optimizer_state["found_inf_per_device"].values()):
           ^^^^^^^^^^^^^^^^^^^^^^^^^^^^^^^^^^^^^^^^^^^^^^^^^^^^^^^^^^^^^^^^^^^^^^^
  File "/opt/conda/lib/python3.11/site-packages/torch/amp/grad_scaler.py", line 351, in <genexpr>
    if not sum(v.item() for v in optimizer_state["found_inf_per_device"].values()):
               ^^^^^^^^
RuntimeError: CUDA error: out of memory
CUDA kernel errors might be asynchronously reported at some other API call, so the stacktrace below might be incorrect.
For debugging consider passing CUDA_LAUNCH_BLOCKING=1
Compile with `TORCH_USE_CUDA_DSA` to enable device-side assertions.

Traceback (most recent call last):
  File "/opt/conda/bin/accelerate", line 8, in <module>
    sys.exit(main())
             ^^^^^^
  File "/opt/conda/lib/python3.11/site-packages/accelerate/commands/accelerate_cli.py", line 48, in main
    args.func(args)
  File "/opt/conda/lib/python3.11/site-packages/accelerate/commands/launch.py", line 1168, in launch_command
    simple_launcher(args)
  File "/opt/conda/lib/python3.11/site-packages/accelerate/commands/launch.py", line 763, in simple_launcher
    raise subprocess.CalledProcessError(returncode=process.returncode, cmd=cmd)
subprocess.CalledProcessError: Command '['/opt/conda/bin/python3.11', '/workspace/experiments/fundus-unet/train.py']' returned non-zero exit status 1.
