The following values were not passed to `accelerate launch` and had defaults used instead:
	`--dynamo_backend` was set to a value of `'no'`
To avoid this warning pass in values for each of the problematic parameters or run `accelerate config`.
Dataset length: 1840
Label column name: target
shape: (2, 2)
┌────────┬───────┐
│ target ┆ count │
│ ---    ┆ ---   │
│ i64    ┆ u32   │
╞════════╪═══════╡
│ 0      ┆ 920   │
│ 1      ┆ 920   │
└────────┴───────┘
Dataset length: 18
Label column name: target
shape: (2, 2)
┌────────┬───────┐
│ target ┆ count │
│ ---    ┆ ---   │
│ i64    ┆ u32   │
╞════════╪═══════╡
│ 0      ┆ 9     │
│ 1      ┆ 9     │
└────────┴───────┘
Dataset length: 20
Label column name: target
shape: (2, 2)
┌────────┬───────┐
│ target ┆ count │
│ ---    ┆ ---   │
│ i64    ┆ u32   │
╞════════╪═══════╡
│ 0      ┆ 10    │
│ 1      ┆ 10    │
└────────┴───────┘
Parameter count: 275840268
[mem] before load_state: allocated=2.22GB reserved=2.24GB
[mem] after load_state: allocated=4.43GB reserved=4.45GB max_allocated=4.43GB
[mem] after empty_cache: allocated=4.43GB reserved=4.45GB
Checkpoint loaded from /checkpoints/final-models/drusen-unet/new-run/finetuning/single_run/best_checkpoint. Resuming from epoch 376. Best metric {'value': 0.9473684430122375, 'save_flag': False}
Evaluating:   0%|          | 0/2 [00:00<?, ?it/s]Evaluating:  50%|█████     | 1/2 [00:00<00:00,  3.13it/s]
  0%|          | 0/1 [00:00<?, ?it/s][A
100%|██████████| 1/1 [00:00<00:00,  1.23it/s][A100%|██████████| 1/1 [00:00<00:00,  1.23it/s]
Evaluating: 100%|██████████| 2/2 [00:01<00:00,  1.40it/s]
  0%|          | 0/1 [00:00<?, ?it/s][A100%|██████████| 1/1 [00:00<00:00, 12.34it/s]
Evaluating: 100%|██████████| 2/2 [00:01<00:00,  1.44it/s]
[{'accuracy': 0.65}, {'f1': 0.5882}, {'precision': 0.7143}, {'recall': 0.5}, {'auc': 0.76}]
Saved: /checkpoints/final-models/drusen-unet/new-run/finetuning/single_run/best_checkpoint/inference_result.json
